Archive member included because of file (symbol)

n:/eecs 473/dave_4-4-2_64bit_2018-02-23/dave-ide-4.4.2-64bit/eclipse/arm-gcc-49/bin/../lib/gcc/arm-none-eabi/4.9.3/armv6-m\libgcc.a(_aeabi_uldivmod.o)
                              ./Dave/Generated/TIMER/timer.o (__aeabi_uldivmod)
n:/eecs 473/dave_4-4-2_64bit_2018-02-23/dave-ide-4.4.2-64bit/eclipse/arm-gcc-49/bin/../lib/gcc/arm-none-eabi/4.9.3/armv6-m\libgcc.a(_muldi3.o)
                              ./Dave/Generated/TIMER/timer.o (__aeabi_lmul)
n:/eecs 473/dave_4-4-2_64bit_2018-02-23/dave-ide-4.4.2-64bit/eclipse/arm-gcc-49/bin/../lib/gcc/arm-none-eabi/4.9.3/armv6-m\libgcc.a(bpabi.o)
                              n:/eecs 473/dave_4-4-2_64bit_2018-02-23/dave-ide-4.4.2-64bit/eclipse/arm-gcc-49/bin/../lib/gcc/arm-none-eabi/4.9.3/armv6-m\libgcc.a(_aeabi_uldivmod.o) (__gnu_uldivmod_helper)
n:/eecs 473/dave_4-4-2_64bit_2018-02-23/dave-ide-4.4.2-64bit/eclipse/arm-gcc-49/bin/../lib/gcc/arm-none-eabi/4.9.3/armv6-m\libgcc.a(_dvmd_tls.o)
                              n:/eecs 473/dave_4-4-2_64bit_2018-02-23/dave-ide-4.4.2-64bit/eclipse/arm-gcc-49/bin/../lib/gcc/arm-none-eabi/4.9.3/armv6-m\libgcc.a(_aeabi_uldivmod.o) (__aeabi_ldiv0)
n:/eecs 473/dave_4-4-2_64bit_2018-02-23/dave-ide-4.4.2-64bit/eclipse/arm-gcc-49/bin/../lib/gcc/arm-none-eabi/4.9.3/armv6-m\libgcc.a(_divdi3.o)
                              n:/eecs 473/dave_4-4-2_64bit_2018-02-23/dave-ide-4.4.2-64bit/eclipse/arm-gcc-49/bin/../lib/gcc/arm-none-eabi/4.9.3/armv6-m\libgcc.a(bpabi.o) (__divdi3)
n:/eecs 473/dave_4-4-2_64bit_2018-02-23/dave-ide-4.4.2-64bit/eclipse/arm-gcc-49/bin/../lib/gcc/arm-none-eabi/4.9.3/armv6-m\libgcc.a(_udivdi3.o)
                              n:/eecs 473/dave_4-4-2_64bit_2018-02-23/dave-ide-4.4.2-64bit/eclipse/arm-gcc-49/bin/../lib/gcc/arm-none-eabi/4.9.3/armv6-m\libgcc.a(bpabi.o) (__udivdi3)
n:/eecs 473/dave_4-4-2_64bit_2018-02-23/dave-ide-4.4.2-64bit/eclipse/arm-gcc-49/bin/../lib/gcc/arm-none-eabi/4.9.3/armv6-m\libgcc.a(_clzdi2.o)
                              n:/eecs 473/dave_4-4-2_64bit_2018-02-23/dave-ide-4.4.2-64bit/eclipse/arm-gcc-49/bin/../lib/gcc/arm-none-eabi/4.9.3/armv6-m\libgcc.a(_divdi3.o) (__clzdi2)
n:/eecs 473/dave_4-4-2_64bit_2018-02-23/dave-ide-4.4.2-64bit/eclipse/arm-gcc-49/bin/../lib/gcc/arm-none-eabi/4.9.3/armv6-m\libgcc.a(_clzsi2.o)
                              n:/eecs 473/dave_4-4-2_64bit_2018-02-23/dave-ide-4.4.2-64bit/eclipse/arm-gcc-49/bin/../lib/gcc/arm-none-eabi/4.9.3/armv6-m\libgcc.a(_clzdi2.o) (__clzsi2)
n:/eecs 473/dave_4-4-2_64bit_2018-02-23/dave-ide-4.4.2-64bit/eclipse/arm-gcc-49/bin/../lib/gcc/arm-none-eabi/4.9.3/../../../../arm-none-eabi/lib/armv6-m\libg_nano.a(lib_a-errno.o)
                              ./Libraries/Newlib/syscalls.o (__errno)
n:/eecs 473/dave_4-4-2_64bit_2018-02-23/dave-ide-4.4.2-64bit/eclipse/arm-gcc-49/bin/../lib/gcc/arm-none-eabi/4.9.3/../../../../arm-none-eabi/lib/armv6-m\libg_nano.a(lib_a-impure.o)
                              n:/eecs 473/dave_4-4-2_64bit_2018-02-23/dave-ide-4.4.2-64bit/eclipse/arm-gcc-49/bin/../lib/gcc/arm-none-eabi/4.9.3/../../../../arm-none-eabi/lib/armv6-m\libg_nano.a(lib_a-errno.o) (_impure_ptr)
n:/eecs 473/dave_4-4-2_64bit_2018-02-23/dave-ide-4.4.2-64bit/eclipse/arm-gcc-49/bin/../lib/gcc/arm-none-eabi/4.9.3/../../../../arm-none-eabi/lib/armv6-m\libg_nano.a(lib_a-init.o)
                              ./Startup/startup_XMC1400.o (__libc_init_array)

Allocating common symbols
Common symbol       size              file

handSignals         0x68c             ./main.o
sensorReadings      0x10              ./main.o

Discarded input sections

 .text          0x00000000        0x0 ./Startup/startup_XMC1400.o
 .data          0x00000000        0x0 ./Startup/startup_XMC1400.o
 .bss           0x00000000        0x0 ./Startup/startup_XMC1400.o
 .text          0x00000000        0x0 ./Startup/system_XMC1400.o
 .data          0x00000000        0x0 ./Startup/system_XMC1400.o
 .bss           0x00000000        0x0 ./Startup/system_XMC1400.o
 .text.SystemCoreSetup
                0x00000000       0x18 ./Startup/system_XMC1400.o
 .text.SystemCoreClockSetup
                0x00000000       0x3c ./Startup/system_XMC1400.o
 .comment       0x00000000       0x71 ./Startup/system_XMC1400.o
 .text          0x00000000        0x0 ./Libraries/XMCLib/src/xmc1_eru.o
 .data          0x00000000        0x0 ./Libraries/XMCLib/src/xmc1_eru.o
 .bss           0x00000000        0x0 ./Libraries/XMCLib/src/xmc1_eru.o
 .text.XMC_ERU_Enable
                0x00000000       0x10 ./Libraries/XMCLib/src/xmc1_eru.o
 .text.XMC_ERU_Disable
                0x00000000       0x10 ./Libraries/XMCLib/src/xmc1_eru.o
 .debug_info    0x00000000      0x380 ./Libraries/XMCLib/src/xmc1_eru.o
 .debug_abbrev  0x00000000      0x119 ./Libraries/XMCLib/src/xmc1_eru.o
 .debug_loc     0x00000000       0x70 ./Libraries/XMCLib/src/xmc1_eru.o
 .debug_aranges
                0x00000000       0x28 ./Libraries/XMCLib/src/xmc1_eru.o
[...]
Memory Configuration

Name             Origin             Length             Attributes
FLASH            0x10001000         0x00032000         xr
SRAM             0x20000000         0x00004000         !xr
*default*        0x00000000         0xffffffff

Linker script and memory map

LOAD ./Startup/startup_XMC1400.o
LOAD ./Startup/system_XMC1400.o
LOAD ./Libraries/XMCLib/src/xmc1_eru.o
LOAD ./Libraries/XMCLib/src/xmc1_flash.o
LOAD ./Libraries/XMCLib/src/xmc1_gpio.o
LOAD ./Libraries/XMCLib/src/xmc1_rtc.o
LOAD ./Libraries/XMCLib/src/xmc1_scu.o
LOAD ./Libraries/XMCLib/src/xmc_acmp.o
LOAD ./Libraries/XMCLib/src/xmc_bccu.o
LOAD ./Libraries/XMCLib/src/xmc_can.o
LOAD ./Libraries/XMCLib/src/xmc_ccu4.o
LOAD ./Libraries/XMCLib/src/xmc_ccu8.o
LOAD ./Libraries/XMCLib/src/xmc_common.o
LOAD ./Libraries/XMCLib/src/xmc_eru.o
LOAD ./Libraries/XMCLib/src/xmc_gpio.o
LOAD ./Libraries/XMCLib/src/xmc_i2c.o
LOAD ./Libraries/XMCLib/src/xmc_i2s.o
LOAD ./Libraries/XMCLib/src/xmc_ledts.o
LOAD ./Libraries/XMCLib/src/xmc_math.o
LOAD ./Libraries/XMCLib/src/xmc_pau.o
LOAD ./Libraries/XMCLib/src/xmc_posif.o
LOAD ./Libraries/XMCLib/src/xmc_prng.o
LOAD ./Libraries/XMCLib/src/xmc_rtc.o
LOAD ./Libraries/XMCLib/src/xmc_spi.o
LOAD ./Libraries/XMCLib/src/xmc_uart.o
LOAD ./Libraries/XMCLib/src/xmc_usic.o
LOAD ./Libraries/XMCLib/src/xmc_vadc.o
LOAD ./Libraries/XMCLib/src/xmc_wdt.o
LOAD ./Libraries/Newlib/syscalls.o
LOAD ./Drivers/MyoDataCollector.o
LOAD ./Drivers/MyoHand.o
LOAD ./Dave/Generated/TIMER/timer.o
LOAD ./Dave/Generated/TIMER/timer_conf.o
LOAD ./Dave/Generated/INTERRUPT/interrupt.o
LOAD ./Dave/Generated/INTERRUPT/interrupt_conf.o
LOAD ./Dave/Generated/GLOBAL_CCU4/global_ccu4.o
LOAD ./Dave/Generated/GLOBAL_CCU4/global_ccu4_conf.o
LOAD ./Dave/Generated/GLOBAL_ADC/global_adc.o
LOAD ./Dave/Generated/GLOBAL_ADC/global_adc_conf.o
LOAD ./Dave/Generated/DIGITAL_IO/digital_io.o
LOAD ./Dave/Generated/DIGITAL_IO/digital_io_conf.o
LOAD ./Dave/Generated/CPU_CTRL_XMC1/cpu_ctrl_xmc1.o
LOAD ./Dave/Generated/CPU_CTRL_XMC1/cpu_ctrl_xmc1_conf.o
LOAD ./Dave/Generated/CLOCK_XMC1/clock_xmc1.o
LOAD ./Dave/Generated/CLOCK_XMC1/clock_xmc1_conf.o
LOAD ./Dave/Generated/ADC_MEASUREMENT/adc_measurement.o
LOAD ./Dave/Generated/ADC_MEASUREMENT/adc_measurement_conf.o
LOAD ./Dave/Generated/DAVE.o
LOAD ./main.o
LOAD n:/eecs 473/dave_4-4-2_64bit_2018-02-23/dave-ide-4.4.2-64bit/eclipse/arm-gcc-49/bin/../lib/gcc/arm-none-eabi/4.9.3/../../../../arm-none-eabi/lib/armv6-m\libm.a
START GROUP
LOAD n:/eecs 473/dave_4-4-2_64bit_2018-02-23/dave-ide-4.4.2-64bit/eclipse/arm-gcc-49/bin/../lib/gcc/arm-none-eabi/4.9.3/armv6-m\libgcc.a
LOAD n:/eecs 473/dave_4-4-2_64bit_2018-02-23/dave-ide-4.4.2-64bit/eclipse/arm-gcc-49/bin/../lib/gcc/arm-none-eabi/4.9.3/../../../../arm-none-eabi/lib/armv6-m\libg_nano.a
LOAD n:/eecs 473/dave_4-4-2_64bit_2018-02-23/dave-ide-4.4.2-64bit/eclipse/arm-gcc-49/bin/../lib/gcc/arm-none-eabi/4.9.3/../../../../arm-none-eabi/lib/armv6-m\libc_nano.a
END GROUP
START GROUP
LOAD n:/eecs 473/dave_4-4-2_64bit_2018-02-23/dave-ide-4.4.2-64bit/eclipse/arm-gcc-49/bin/../lib/gcc/arm-none-eabi/4.9.3/armv6-m\libgcc.a
LOAD n:/eecs 473/dave_4-4-2_64bit_2018-02-23/dave-ide-4.4.2-64bit/eclipse/arm-gcc-49/bin/../lib/gcc/arm-none-eabi/4.9.3/../../../../arm-none-eabi/lib/armv6-m\libc_nano.a
LOAD n:/eecs 473/dave_4-4-2_64bit_2018-02-23/dave-ide-4.4.2-64bit/eclipse/arm-gcc-49/bin/../lib/gcc/arm-none-eabi/4.9.3/../../../../arm-none-eabi/lib/armv6-m\libnosys.a
END GROUP
START GROUP
LOAD n:/eecs 473/dave_4-4-2_64bit_2018-02-23/dave-ide-4.4.2-64bit/eclipse/arm-gcc-49/bin/../lib/gcc/arm-none-eabi/4.9.3/armv6-m\libgcc.a
LOAD n:/eecs 473/dave_4-4-2_64bit_2018-02-23/dave-ide-4.4.2-64bit/eclipse/arm-gcc-49/bin/../lib/gcc/arm-none-eabi/4.9.3/../../../../arm-none-eabi/lib/armv6-m\libc_nano.a
LOAD n:/eecs 473/dave_4-4-2_64bit_2018-02-23/dave-ide-4.4.2-64bit/eclipse/arm-gcc-49/bin/../lib/gcc/arm-none-eabi/4.9.3/../../../../arm-none-eabi/lib/armv6-m\libnosys.a
END GROUP
                0x00000400                stack_size = DEFINED (stack_size)?stack_size:0x400
                0x00000004                no_init_size = 0x4

.text           0x10001000     0x1f3c
                0x10001000                sText = .
 *(.reset)
 .reset         0x10001000       0xa0 ./Startup/startup_XMC1400.o
                0x10001000                __Vectors
                0x1000101c                Reset_Handler
                0x1000109c                SysTick_Handler
                0x1000109c                IRQ5_Handler
                0x1000109c                PendSV_Handler
                0x1000109c                IRQ16_Handler
                0x1000109c                IRQ4_Handler
                0x1000109c                HardFault_Handler
                0x1000109c                IRQ23_Handler
                0x1000109c                IRQ22_Handler
                0x1000109c                IRQ29_Handler
                0x1000109c                IRQ20_Handler
                0x1000109c                IRQ13_Handler
                0x1000109c                IRQ25_Handler
                0x1000109c                IRQ30_Handler
                0x1000109c                IRQ21_Handler
                0x1000109c                IRQ31_Handler
                0x1000109c                IRQ28_Handler
                0x1000109c                IRQ2_Handler
                0x1000109c                IRQ10_Handler
                0x1000109c                IRQ24_Handler
                0x1000109c                SVC_Handler
                0x1000109c                IRQ1_Handler
                0x1000109c                IRQ19_Handler
                0x1000109c                IRQ6_Handler
                0x1000109c                IRQ15_Handler
                0x1000109c                IRQ18_Handler
                0x1000109c                IRQ11_Handler
                0x1000109c                IRQ14_Handler
                0x1000109c                IRQ9_Handler
                0x1000109c                IRQ7_Handler
                0x1000109c                IRQ12_Handler
                0x1000109c                IRQ8_Handler
                0x1000109c                IRQ3_Handler
                0x1000109c                IRQ27_Handler
                0x1000109c                IRQ26_Handler
                0x1000109c                IRQ17_Handler
 *(.text .text.* .gnu.linkonce.t.*)
 .text.SystemInit
                0x100010a0       0x10 ./Startup/system_XMC1400.o
                0x100010a0                SystemInit
 .text.SystemCoreClockUpdate
                0x100010b0       0xc8 ./Startup/system_XMC1400.o
                0x100010b0                SystemCoreClockUpdate
 .text.OSCHP_GetFrequency
                0x10001178       0x10 ./Startup/system_XMC1400.o
                0x10001178                OSCHP_GetFrequency
 .text.XMC_GPIO_Init
                0x10001188      0x17c ./Libraries/XMCLib/src/xmc1_gpio.o
                0x10001188                XMC_GPIO_Init
 .text.XMC_SCU_LockProtectedBits
                0x10001304       0x14 ./Libraries/XMCLib/src/xmc1_scu.o
                0x10001304                XMC_SCU_LockProtectedBits
 .text.XMC_SCU_UnlockProtectedBits
                0x10001318       0x20 ./Libraries/XMCLib/src/xmc1_scu.o
                0x10001318                XMC_SCU_UnlockProtectedBits
 .text.XMC_SCU_CLOCK_Init
                0x10001338      0x154 ./Libraries/XMCLib/src/xmc1_scu.o
                0x10001338                XMC_SCU_CLOCK_Init
 .text.XMC_SCU_CLOCK_UngatePeripheralClock
                0x1000148c       0x34 ./Libraries/XMCLib/src/xmc1_scu.o
                0x1000148c                XMC_SCU_CLOCK_UngatePeripheralClock
 .text.XMC_SCU_CLOCK_ScaleMCLKFrequency
                0x100014c0       0xbc ./Libraries/XMCLib/src/xmc1_scu.o
                0x100014c0                XMC_SCU_CLOCK_ScaleMCLKFrequency
 .text.XMC_SCU_CLOCK_lFrequencyUpScaling
                0x1000157c       0x54 ./Libraries/XMCLib/src/xmc1_scu.o
 .text.XMC_SCU_CLOCK_lFrequencyDownScaling
                0x100015d0       0x5c ./Libraries/XMCLib/src/xmc1_scu.o
 .text.XMC_SCU_SetInterruptControl
                0x1000162c       0x8c ./Libraries/XMCLib/src/xmc1_scu.o
                0x1000162c                XMC_SCU_SetInterruptControl
 .text.XMC_CCU4_StartPrescaler
                0x100016b8       0x1c ./Libraries/XMCLib/src/xmc_ccu4.o
 .text.XMC_CCU4_lUngateClock
                0x100016d4       0x38 ./Libraries/XMCLib/src/xmc_ccu4.o
 .text.XMC_CCU4_EnableModule
                0x1000170c       0x18 ./Libraries/XMCLib/src/xmc_ccu4.o
                0x1000170c                XMC_CCU4_EnableModule
 .text.XMC_CCU4_Init
                0x10001724       0x48 ./Libraries/XMCLib/src/xmc_ccu4.o
                0x10001724                XMC_CCU4_Init
 .text.XMC_CCU4_SLICE_CompareInit
                0x1000176c       0x68 ./Libraries/XMCLib/src/xmc_ccu4.o
                0x1000176c                XMC_CCU4_SLICE_CompareInit
 .text.XMC_CCU4_SLICE_SetInterruptNode
                0x100017d4       0x98 ./Libraries/XMCLib/src/xmc_ccu4.o
                0x100017d4                XMC_CCU4_SLICE_SetInterruptNode
 .text.XMC_GPIO_SetHardwareControl
                0x1000186c       0x4c ./Libraries/XMCLib/src/xmc_gpio.o
                0x1000186c                XMC_GPIO_SetHardwareControl
 .text.__aeabi_uidiv
                0x100018b8       0x50 ./Libraries/XMCLib/src/xmc_math.o
                0x100018b8                __aeabi_uidiv
 .text.__aeabi_idiv
                0x10001908       0x50 ./Libraries/XMCLib/src/xmc_math.o
                0x10001908                __aeabi_idiv
 .text.__aeabi_idivmod
                0x10001958       0x74 ./Libraries/XMCLib/src/xmc_math.o
                0x10001958                __aeabi_idivmod
 .text.XMC_VADC_GROUP_ExternalMuxControlInit
                0x100019cc       0x90 ./Libraries/XMCLib/src/xmc_vadc.o
 .text.XMC_VADC_GROUP_BackgroundEnableArbitrationSlot
                0x10001a5c       0x20 ./Libraries/XMCLib/src/xmc_vadc.o
 .text.XMC_VADC_GROUP_BackgroundDisableArbitrationSlot
                0x10001a7c       0x24 ./Libraries/XMCLib/src/xmc_vadc.o
 .text.XMC_VADC_GLOBAL_EnableModule
                0x10001aa0       0x18 ./Libraries/XMCLib/src/xmc_vadc.o
                0x10001aa0                XMC_VADC_GLOBAL_EnableModule
 .text.XMC_VADC_GLOBAL_Init
                0x10001ab8       0x58 ./Libraries/XMCLib/src/xmc_vadc.o
                0x10001ab8                XMC_VADC_GLOBAL_Init
 .text.XMC_VADC_GLOBAL_InputClassInit
                0x10001b10       0x4c ./Libraries/XMCLib/src/xmc_vadc.o
                0x10001b10                XMC_VADC_GLOBAL_InputClassInit
 .text.XMC_VADC_GLOBAL_StartupCalibration
                0x10001b5c       0x74 ./Libraries/XMCLib/src/xmc_vadc.o
                0x10001b5c                XMC_VADC_GLOBAL_StartupCalibration
 .text.XMC_VADC_GLOBAL_BackgroundSetReqSrcEventInterruptNode
                0x10001bd0       0x58 ./Libraries/XMCLib/src/xmc_vadc.o
                0x10001bd0                XMC_VADC_GLOBAL_BackgroundSetReqSrcEventInterruptNode
 .text.XMC_VADC_GROUP_Init
                0x10001c28       0x7c ./Libraries/XMCLib/src/xmc_vadc.o
                0x10001c28                XMC_VADC_GROUP_Init
 .text.XMC_VADC_GROUP_InputClassInit
                0x10001ca4       0xd4 ./Libraries/XMCLib/src/xmc_vadc.o
                0x10001ca4                XMC_VADC_GROUP_InputClassInit
 .text.XMC_VADC_GROUP_SetPowerMode
                0x10001d78       0x38 ./Libraries/XMCLib/src/xmc_vadc.o
                0x10001d78                XMC_VADC_GROUP_SetPowerMode
 .text.XMC_VADC_GLOBAL_SHS_EnableAcceleratedMode
                0x10001db0       0x48 ./Libraries/XMCLib/src/xmc_vadc.o
                0x10001db0                XMC_VADC_GLOBAL_SHS_EnableAcceleratedMode
 .text.XMC_VADC_GLOBAL_BackgroundInit
                0x10001df8      0x150 ./Libraries/XMCLib/src/xmc_vadc.o
                0x10001df8                XMC_VADC_GLOBAL_BackgroundInit
 .text.XMC_VADC_GROUP_ChannelInit
                0x10001f48       0xdc ./Libraries/XMCLib/src/xmc_vadc.o
                0x10001f48                XMC_VADC_GROUP_ChannelInit
 .text._init    0x10002024        0x8 ./Libraries/Newlib/syscalls.o
                0x10002024                _init
 .text.MyoDataCollectorINIT
                0x1000202c       0x8c ./Drivers/MyoDataCollector.o
                0x1000202c                MyoDataCollectorINIT
 .text.MyoDataPush
                0x100020b8      0x164 ./Drivers/MyoDataCollector.o
                0x100020b8                MyoDataPush
 .text.MyoHandINIT
                0x1000221c       0x80 ./Drivers/MyoHand.o
                0x1000221c                MyoHandINIT
 .text.XMC_CCU4_EnableClock
                0x1000229c       0x28 ./Dave/Generated/TIMER/timer.o
 .text.XMC_CCU4_SLICE_StartTimer
                0x100022c4       0x14 ./Dave/Generated/TIMER/timer.o
 .text.XMC_CCU4_SLICE_ClearTimer
                0x100022d8       0x14 ./Dave/Generated/TIMER/timer.o
 .text.XMC_CCU4_SLICE_SetTimerPeriodMatch
                0x100022ec       0x1c ./Dave/Generated/TIMER/timer.o
 .text.XMC_CCU4_SLICE_SetTimerCompareMatch
                0x10002308       0x1c ./Dave/Generated/TIMER/timer.o
 .text.XMC_CCU4_EnableShadowTransfer
                0x10002324       0x18 ./Dave/Generated/TIMER/timer.o
 .text.XMC_CCU4_SLICE_EnableEvent
                0x1000233c       0x2c ./Dave/Generated/TIMER/timer.o
 .text.XMC_CCU4_SLICE_ClearEvent
                0x10002368       0x2c ./Dave/Generated/TIMER/timer.o
 .text.TIMER_Init
                0x10002394       0x48 ./Dave/Generated/TIMER/timer.o
                0x10002394                TIMER_Init
 .text.TIMER_ClearEvent
                0x100023dc       0x24 ./Dave/Generated/TIMER/timer.o
                0x100023dc                TIMER_ClearEvent
 .text.TIMER_CCU4_lInit
                0x10002400       0xa4 ./Dave/Generated/TIMER/timer.o
                0x10002400                TIMER_CCU4_lInit
 .text.TIMER_CCU4_lShadowTransfer
                0x100024a4       0x3c ./Dave/Generated/TIMER/timer.o
                0x100024a4                TIMER_CCU4_lShadowTransfer
 .text.__NVIC_EnableIRQ
                0x100024e0       0x34 ./Dave/Generated/INTERRUPT/interrupt.o
 .text.__NVIC_SetPriority
                0x10002514       0xd4 ./Dave/Generated/INTERRUPT/interrupt.o
 .text.INTERRUPT_Enable
                0x100025e8       0x1c ./Dave/Generated/INTERRUPT/interrupt.o
 .text.INTERRUPT_Init
                0x10002604       0x58 ./Dave/Generated/INTERRUPT/interrupt.o
                0x10002604                INTERRUPT_Init
 .text.XMC_CCU4_StartPrescaler
                0x1000265c       0x1c ./Dave/Generated/GLOBAL_CCU4/global_ccu4.o
 .text.GLOBAL_CCU4_Init
                0x10002678       0x40 ./Dave/Generated/GLOBAL_CCU4/global_ccu4.o
                0x10002678                GLOBAL_CCU4_Init
 .text.XMC_VADC_GLOBAL_DisablePostCalibration
                0x100026b8       0x28 ./Dave/Generated/GLOBAL_ADC/global_adc.o
 .text.XMC_VADC_GLOBAL_SHS_SetAnalogReference
                0x100026e0       0x38 ./Dave/Generated/GLOBAL_ADC/global_adc.o
 .text.XMC_VADC_GLOBAL_SHS_SetClockDivider
                0x10002718       0x40 ./Dave/Generated/GLOBAL_ADC/global_adc.o
 .text.GLOBAL_ADC_Init
                0x10002758       0xdc ./Dave/Generated/GLOBAL_ADC/global_adc.o
                0x10002758                GLOBAL_ADC_Init
 .text.DIGITAL_IO_Init
                0x10002834       0x40 ./Dave/Generated/DIGITAL_IO/digital_io.o
                0x10002834                DIGITAL_IO_Init
 .text.SystemCoreSetup
                0x10002874       0x18 ./Dave/Generated/CPU_CTRL_XMC1/cpu_ctrl_xmc1_conf.o
                0x10002874                SystemCoreSetup
 .text.CLOCK_XMC1_Init
                0x1000288c       0x84 ./Dave/Generated/CLOCK_XMC1/clock_xmc1.o
                0x1000288c                CLOCK_XMC1_Init
 .text.SystemCoreClockSetup
                0x10002910       0x24 ./Dave/Generated/CLOCK_XMC1/clock_xmc1_conf.o
                0x10002910                SystemCoreClockSetup
 .text.__NVIC_EnableIRQ
                0x10002934       0x34 ./Dave/Generated/ADC_MEASUREMENT/adc_measurement.o
 .text.__NVIC_SetPriority
                0x10002968       0xd4 ./Dave/Generated/ADC_MEASUREMENT/adc_measurement.o
 .text.XMC_VADC_GLOBAL_BackgroundTriggerConversion
                0x10002a3c       0x28 ./Dave/Generated/ADC_MEASUREMENT/adc_measurement.o
 .text.XMC_VADC_GLOBAL_BackgroundAddChannelToSequence
                0x10002a64       0x34 ./Dave/Generated/ADC_MEASUREMENT/adc_measurement.o
 .text.XMC_VADC_GROUP_ResultInit
                0x10002a98       0x20 ./Dave/Generated/ADC_MEASUREMENT/adc_measurement.o
 .text.XMC_VADC_GROUP_GetResult
                0x10002ab8       0x20 ./Dave/Generated/ADC_MEASUREMENT/adc_measurement.o
 .text.ADC_MEASUREMENT_Init
                0x10002ad8      0x158 ./Dave/Generated/ADC_MEASUREMENT/adc_measurement.o
                0x10002ad8                ADC_MEASUREMENT_Init
 .text.ADC_MEASUREMENT_GetResult
                0x10002c30       0x38 ./Dave/Generated/ADC_MEASUREMENT/adc_measurement.o
                0x10002c30                ADC_MEASUREMENT_GetResult
 .text.DAVE_Init
                0x10002c68       0x94 ./Dave/Generated/DAVE.o
                0x10002c68                DAVE_Init
 .text.__NVIC_EnableIRQ
                0x10002cfc       0x34 ./main.o
 .text.INTERRUPT_Enable
                0x10002d30       0x1c ./main.o
 .text.XMC_GPIO_ToggleOutput
                0x10002d4c       0x24 ./main.o
 .text.DIGITAL_IO_ToggleOutput
                0x10002d70       0x20 ./main.o
 .text.IRQ0_Handler
                0x10002d90       0x84 ./main.o
                0x10002d90                IRQ0_Handler
 .text.main     0x10002e14       0x34 ./main.o
                0x10002e14                main
 .text.__libc_init_array
                0x10002e48       0x4c n:/eecs 473/dave_4-4-2_64bit_2018-02-23/dave-ide-4.4.2-64bit/eclipse/arm-gcc-49/bin/../lib/gcc/arm-none-eabi/4.9.3/../../../../arm-none-eabi/lib/armv6-m\libg_nano.a(lib_a-init.o)
                0x10002e48                __libc_init_array
 *(.init)
 *(.fini)
 *crtbegin.o(.ctors)
 *crtbegin?.o(.ctors)
 *(EXCLUDE_FILE(*crtend.o *crtend?.o) .ctors)
 *(SORT(.ctors.*))
 *(.ctors)
 *crtbegin.o(.dtors)
 *crtbegin?.o(.dtors)
 *(EXCLUDE_FILE(*crtend.o *crtend?.o) .dtors)
 *(SORT(.dtors.*))
 *(.dtors)
 *(.rodata .rodata.*)
 .rodata.XMC_CCU4_SLICE_SetInterruptNode
                0x10002e94       0x28 ./Libraries/XMCLib/src/xmc_ccu4.o
 .rodata.g_xmc_vadc_group_array
                0x10002ebc        0x8 ./Libraries/XMCLib/src/xmc_vadc.o
 .rodata.samplingInterrupt
                0x10002ec4        0x8 ./Dave/Generated/INTERRUPT/interrupt_conf.o
                0x10002ec4                samplingInterrupt
 .rodata.group_init_handle0
                0x10002ecc       0x14 ./Dave/Generated/GLOBAL_ADC/global_adc_conf.o
                0x10002ecc                group_init_handle0
 .rodata.group_init_handle1
                0x10002ee0       0x14 ./Dave/Generated/GLOBAL_ADC/global_adc_conf.o
                0x10002ee0                group_init_handle1
 .rodata.global_config
                0x10002ef4       0x18 ./Dave/Generated/GLOBAL_ADC/global_adc_conf.o
                0x10002ef4                global_config
 .rodata.LEDpin
                0x10002f0c       0x10 ./Dave/Generated/DIGITAL_IO/digital_io_conf.o
                0x10002f0c                LEDpin
 .rodata        0x10002f1c       0x10 ./Dave/Generated/CLOCK_XMC1/clock_xmc1_conf.o
 .rodata.global_iclass_config
                0x10002f2c        0x4 ./Dave/Generated/ADC_MEASUREMENT/adc_measurement_conf.o
                0x10002f2c                global_iclass_config
 .rodata.backgnd_config
                0x10002f30        0xc ./Dave/Generated/ADC_MEASUREMENT/adc_measurement_conf.o
                0x10002f30                backgnd_config
 *(.gnu.linkonce.r*)
 *(vtable)
                0x10002f3c                . = ALIGN (0x4)

.glue_7         0x10002f3c        0x0
 .glue_7        0x00000000        0x0 linker stubs

.glue_7t        0x10002f3c        0x0
 .glue_7t       0x00000000        0x0 linker stubs

.vfp11_veneer   0x10002f3c        0x0
 .vfp11_veneer  0x00000000        0x0 linker stubs

.v4_bx          0x10002f3c        0x0
 .v4_bx         0x00000000        0x0 linker stubs

.iplt           0x10002f3c        0x0
 .iplt          0x00000000        0x0 ./Startup/startup_XMC1400.o

.eh_frame_hdr
 *(.eh_frame_hdr)

.eh_frame
 *(.eh_frame)

.ARM.extab
 *(.ARM.extab* .gnu.linkonce.armextab.*)
                0x10002f3c                . = ALIGN (0x4)
                0x10002f3c                __exidx_start = .

.ARM.exidx
 *(.ARM.exidx* .gnu.linkonce.armexidx.*)
                0x10002f3c                __exidx_end = .
                0x10002f3c                . = ALIGN (0x4)

.VENEER_Code    0x2000000c      0x144 load address 0x10002f3c
                0x2000000c                . = ALIGN (0x4)
                0x2000000c                VeneerStart = .
 *(.XmcVeneerCode)
 .XmcVeneerCode
                0x2000000c      0x144 ./Startup/startup_XMC1400.o
                0x2000000c                HardFault_Veener
                0x2000002c                SVC_Veener
                0x20000038                PendSV_Veener
                0x2000003c                SysTick_Veener
                0x20000040                IRQ0_Veener
                0x20000044                IRQ1_Veener
                0x20000048                IRQ2_Veener
                0x2000004c                IRQ3_Veener
                0x20000050                IRQ4_Veener
                0x20000054                IRQ5_Veener
                0x20000058                IRQ6_Veener
                0x2000005c                IRQ7_Veener
                0x20000060                IRQ8_Veener
                0x20000064                IRQ9_Veener
                0x20000068                IRQ10_Veener
                0x2000006c                IRQ11_Veener
                0x20000070                IRQ12_Veener
                0x20000074                IRQ13_Veener
                0x20000078                IRQ14_Veener
                0x2000007c                IRQ15_Veener
                0x20000080                IRQ16_Veener
                0x20000084                IRQ17_Veener
                0x20000088                IRQ18_Veener
                0x2000008c                IRQ19_Veener
                0x20000090                IRQ20_Veener
                0x20000094                IRQ21_Veener
                0x20000098                IRQ22_Veener
                0x2000009c                IRQ23_Veener
                0x200000a0                IRQ24_Veener
                0x200000a4                IRQ25_Veener
                0x200000a8                IRQ26_Veener
                0x200000ac                IRQ27_Veener
                0x200000b0                IRQ28_Veener
                0x200000b4                IRQ29_Veener
                0x200000b8                IRQ30_Veener
                0x200000bc                IRQ31_Veener
                0x20000150                . = ALIGN (0x4)
                0x20000150                VeneerEnd = .
                0x10002f3c                eROData = LOADADDR (.VENEER_Code)
                0x00000144                VeneerSize = (ABSOLUTE (VeneerEnd) - ABSOLUTE (VeneerStart))

.rel.dyn        0x20000150        0x0 load address 0x10003080
 .rel.iplt      0x00000000        0x0 ./Startup/startup_XMC1400.o

Stack           0x20000150      0x400 load address 0x00000000
                0x20000150                . = ALIGN (0x8)
                0x20000550                . = (. + stack_size)
 *fill*         0x20000150      0x400 
                0x20000550                __initial_sp = .

.data           0x20000550      0x120 load address 0x10003080
                0x20000550                . = ALIGN (0x4)
                0x20000550                __data_start = .
 *(.data)
 *(.data*)
 .data.TIMER_0_config
                0x20000550        0x8 ./Dave/Generated/TIMER/timer_conf.o
                0x20000550                TIMER_0_config
 .data.TIMER_0  0x20000558       0x28 ./Dave/Generated/TIMER/timer_conf.o
                0x20000558                TIMER_0
 .data.GLOBAL_CCU4_0
                0x20000580       0x10 ./Dave/Generated/GLOBAL_CCU4/global_ccu4_conf.o
                0x20000580                GLOBAL_CCU4_0
 .data.group_0_config
                0x20000590        0xc ./Dave/Generated/GLOBAL_ADC/global_adc_conf.o
                0x20000590                group_0_config
 .data.group_1_config
                0x2000059c        0xc ./Dave/Generated/GLOBAL_ADC/global_adc_conf.o
                0x2000059c                group_1_config
 .data.GLOBAL_ADC_0
                0x200005a8       0x1c ./Dave/Generated/GLOBAL_ADC/global_adc_conf.o
                0x200005a8                GLOBAL_ADC_0
 .data.thumbChannel_ch_config
                0x200005c4       0x10 ./Dave/Generated/ADC_MEASUREMENT/adc_measurement_conf.o
                0x200005c4                thumbChannel_ch_config
 .data.ADC_MEASUREMENT_thumbChannel_handle
                0x200005d4       0x10 ./Dave/Generated/ADC_MEASUREMENT/adc_measurement_conf.o
                0x200005d4                ADC_MEASUREMENT_thumbChannel_handle
 .data.indexChannel_ch_config
                0x200005e4       0x10 ./Dave/Generated/ADC_MEASUREMENT/adc_measurement_conf.o
                0x200005e4                indexChannel_ch_config
 .data.ADC_MEASUREMENT_indexChannel_handle
                0x200005f4       0x10 ./Dave/Generated/ADC_MEASUREMENT/adc_measurement_conf.o
                0x200005f4                ADC_MEASUREMENT_indexChannel_handle
 .data.middleChannel_ch_config
                0x20000604       0x10 ./Dave/Generated/ADC_MEASUREMENT/adc_measurement_conf.o
                0x20000604                middleChannel_ch_config
 .data.ADC_MEASUREMENT_middleChannel_handle
                0x20000614       0x10 ./Dave/Generated/ADC_MEASUREMENT/adc_measurement_conf.o
                0x20000614                ADC_MEASUREMENT_middleChannel_handle
 .data.rpChannel_ch_config
                0x20000624       0x10 ./Dave/Generated/ADC_MEASUREMENT/adc_measurement_conf.o
                0x20000624                rpChannel_ch_config
 .data.ADC_MEASUREMENT_rpChannel_handle
                0x20000634       0x10 ./Dave/Generated/ADC_MEASUREMENT/adc_measurement_conf.o
                0x20000634                ADC_MEASUREMENT_rpChannel_handle
 .data.ADC_MEASUREMENT_channel_array
                0x20000644       0x10 ./Dave/Generated/ADC_MEASUREMENT/adc_measurement_conf.o
                0x20000644                ADC_MEASUREMENT_channel_array
 .data.ADC_MEASUREMENT_0
                0x20000654       0x1c ./Dave/Generated/ADC_MEASUREMENT/adc_measurement_conf.o
                0x20000654                ADC_MEASUREMENT_0
 *(*.data)
 *(.gnu.linkonce.d*)
                0x20000670                . = ALIGN (0x4)
                0x20000670                PROVIDE (__preinit_array_start, .)
 *(.preinit_array)
                0x20000670                PROVIDE (__preinit_array_end, .)
                0x20000670                . = ALIGN (0x4)
                0x20000670                PROVIDE (__init_array_start, .)
 *(SORT(.init_array.*))
 *(.init_array)
                0x20000670                PROVIDE (__init_array_end, .)
                0x20000670                . = ALIGN (0x4)
                0x20000670                PROVIDE (__fini_array_start, .)
 *(SORT(.fini_array.*))
 *(.fini_array)
                0x20000670                PROVIDE (__fini_array_end, .)
                0x20000670                . = ALIGN (0x4)
                0x20000670                __data_end = .
                0x10003080                DataLoadAddr = LOADADDR (.data)
                0x00000120                __data_size = (__data_end - __data_start)

.igot.plt       0x20000670        0x0 load address 0x100031a0
 .igot.plt      0x00000000        0x0 ./Startup/startup_XMC1400.o

.ram_code       0x20000670        0x0 load address 0x100031a0
                0x20000670                . = ALIGN (0x4)
                0x20000670                __ram_code_start = .
 *(.ram_code)
                0x20000670                . = ALIGN (0x4)
                0x20000670                __ram_code_end = .
                0x100031a0                __ram_code_load = LOADADDR (.ram_code)
                0x00000000                __ram_code_size = (__ram_code_end - __ram_code_start)
                0x000021a0                __text_size = ((((__exidx_end - sText) + VeneerSize) + __data_size) + __ram_code_size)
                0x100031a0                eText = (sText + __text_size)

.bss            0x20000670      0x6b8 load address 0x100031a0
                0x20000670                . = ALIGN (0x4)
                0x20000670                __bss_start = .
 *(.bss)
 *(.bss*)
 .bss.IDIV.5098
                0x20000670        0x4 ./Startup/system_XMC1400.o
 .bss.FDIV.5099
                0x20000674        0x4 ./Startup/system_XMC1400.o
 .bss.CLOCK_XMC1_0
                0x20000678        0x4 ./Dave/Generated/CLOCK_XMC1/clock_xmc1_conf.o
                0x20000678                CLOCK_XMC1_0
 .bss.thumbChannel_res_config
                0x2000067c        0x4 ./Dave/Generated/ADC_MEASUREMENT/adc_measurement_conf.o
                0x2000067c                thumbChannel_res_config
 .bss.indexChannel_res_config
                0x20000680        0x4 ./Dave/Generated/ADC_MEASUREMENT/adc_measurement_conf.o
                0x20000680                indexChannel_res_config
 .bss.middleChannel_res_config
                0x20000684        0x4 ./Dave/Generated/ADC_MEASUREMENT/adc_measurement_conf.o
                0x20000684                middleChannel_res_config
 .bss.rpChannel_res_config
                0x20000688        0x4 ./Dave/Generated/ADC_MEASUREMENT/adc_measurement_conf.o
                0x20000688                rpChannel_res_config
 *(COMMON)
 COMMON         0x2000068c      0x69c ./main.o
                0x2000068c                handSignals
                0x20000d18                sensorReadings
 *(.gnu.linkonce.b*)
                0x20000d28                . = ALIGN (0x4)
                0x20000d28                __bss_end = .
                0x20000d28                . = ALIGN (0x8)
                0x20000d28                Heap_Bank1_Start = .
                0x000006b8                __bss_size = (__bss_end - __bss_start)

.no_init        0x20003ffc        0x4 load address 0x00003eac
                0x20003ffc                Heap_Bank1_End = .
 *(.no_init)
 .no_init       0x20003ffc        0x4 ./Startup/system_XMC1400.o
                0x20003ffc                SystemCoreClock
                0x000032d4                Heap_Bank1_Size = (Heap_Bank1_End - Heap_Bank1_Start)
                0x00000001                ASSERT ((Heap_Bank1_Start <= Heap_Bank1_End), region SRAM overflowed no_init section)

/DISCARD/
 *(.comment)

.stab
 *(.stab)

.stabstr
 *(.stabstr)

.debug
 *(.debug)

.line
 *(.line)

.debug_srcinfo
 *(.debug_srcinfo)

.debug_sfnames
 *(.debug_sfnames)

.debug_aranges  0x00000000      0xb08
 *(.debug_aranges)
 .debug_aranges
                0x00000000       0x28 ./Startup/startup_XMC1400.o
 .debug_aranges
                0x00000028       0x40 ./Startup/system_XMC1400.o
 .debug_aranges
                0x00000068       0x28 ./Libraries/XMCLib/src/xmc1_gpio.o
 .debug_aranges
                0x00000090      0x148 ./Libraries/XMCLib/src/xmc1_scu.o
 .debug_aranges
                0x000001d8      0x128 ./Libraries/XMCLib/src/xmc_ccu4.o
 .debug_aranges
                0x00000300       0x28 ./Libraries/XMCLib/src/xmc_gpio.o
 .debug_aranges
                0x00000328       0xf0 ./Libraries/XMCLib/src/xmc_math.o
 .debug_aranges
                0x00000418      0x2d8 ./Libraries/XMCLib/src/xmc_vadc.o
 .debug_aranges
                0x000006f0       0x28 ./Libraries/Newlib/syscalls.o
 .debug_aranges
                0x00000718       0x30 ./Drivers/MyoDataCollector.o
 .debug_aranges
                0x00000748       0x30 ./Drivers/MyoHand.o
 .debug_aranges
                0x00000778       0xd8 ./Dave/Generated/TIMER/timer.o
 .debug_aranges
                0x00000850       0x18 ./Dave/Generated/TIMER/timer_conf.o
 .debug_aranges
                0x00000868       0x40 ./Dave/Generated/INTERRUPT/interrupt.o
 .debug_aranges
                0x000008a8       0x18 ./Dave/Generated/INTERRUPT/interrupt_conf.o
 .debug_aranges
                0x000008c0       0x30 ./Dave/Generated/GLOBAL_CCU4/global_ccu4.o
 .debug_aranges
                0x000008f0       0x18 ./Dave/Generated/GLOBAL_CCU4/global_ccu4_conf.o
 .debug_aranges
                0x00000908       0x40 ./Dave/Generated/GLOBAL_ADC/global_adc.o
 .debug_aranges
                0x00000948       0x18 ./Dave/Generated/GLOBAL_ADC/global_adc_conf.o
 .debug_aranges
                0x00000960       0x28 ./Dave/Generated/DIGITAL_IO/digital_io.o
 .debug_aranges
                0x00000988       0x18 ./Dave/Generated/DIGITAL_IO/digital_io_conf.o
 .debug_aranges
                0x000009a0       0x20 ./Dave/Generated/CPU_CTRL_XMC1/cpu_ctrl_xmc1_conf.o
 .debug_aranges
                0x000009c0       0x30 ./Dave/Generated/CLOCK_XMC1/clock_xmc1.o
 .debug_aranges
                0x000009f0       0x20 ./Dave/Generated/CLOCK_XMC1/clock_xmc1_conf.o
 .debug_aranges
                0x00000a10       0x78 ./Dave/Generated/ADC_MEASUREMENT/adc_measurement.o
 .debug_aranges
                0x00000a88       0x18 ./Dave/Generated/ADC_MEASUREMENT/adc_measurement_conf.o
 .debug_aranges
                0x00000aa0       0x20 ./Dave/Generated/DAVE.o
 .debug_aranges
                0x00000ac0       0x48 ./main.o

.debug_pubnames
 *(.debug_pubnames)

.debug_pubtypes
 *(.debug_pubtypes)

.debug_info     0x00000000    0x15b6a
 *(.debug_info .gnu.linkonce.wi.*)
 .debug_info    0x00000000       0x6b ./Startup/startup_XMC1400.o
 .debug_info    0x0000006b      0x370 ./Startup/system_XMC1400.o
 .debug_info    0x000003db      0x438 ./Libraries/XMCLib/src/xmc1_gpio.o
 .debug_info    0x00000813     0x1478 ./Libraries/XMCLib/src/xmc1_scu.o
 .debug_info    0x00001c8b     0x1523 ./Libraries/XMCLib/src/xmc_ccu4.o
 .debug_info    0x000031ae      0x3cb ./Libraries/XMCLib/src/xmc_gpio.o
 .debug_info    0x00003579      0xc8c ./Libraries/XMCLib/src/xmc_math.o
 .debug_info    0x00004205     0x369d ./Libraries/XMCLib/src/xmc_vadc.o
 .debug_info    0x000078a2      0x11f ./Libraries/Newlib/syscalls.o
 .debug_info    0x000079c1      0x21a ./Drivers/MyoDataCollector.o
 .debug_info    0x00007bdb      0x22a ./Drivers/MyoHand.o
 .debug_info    0x00007e05      0xd92 ./Dave/Generated/TIMER/timer.o
 .debug_info    0x00008b97      0x83a ./Dave/Generated/TIMER/timer_conf.o
 .debug_info    0x000093d1      0x8ea ./Dave/Generated/INTERRUPT/interrupt.o
 .debug_info    0x00009cbb      0x5bb ./Dave/Generated/INTERRUPT/interrupt_conf.o
 .debug_info    0x0000a276      0x353 ./Dave/Generated/GLOBAL_CCU4/global_ccu4.o
 .debug_info    0x0000a5c9      0x253 ./Dave/Generated/GLOBAL_CCU4/global_ccu4_conf.o
 .debug_info    0x0000a81c     0x1374 ./Dave/Generated/GLOBAL_ADC/global_adc.o
 .debug_info    0x0000bb90     0x125f ./Dave/Generated/GLOBAL_ADC/global_adc_conf.o
 .debug_info    0x0000cdef      0x4ed ./Dave/Generated/DIGITAL_IO/digital_io.o
 .debug_info    0x0000d2dc      0x428 ./Dave/Generated/DIGITAL_IO/digital_io_conf.o
 .debug_info    0x0000d704      0x292 ./Dave/Generated/CPU_CTRL_XMC1/cpu_ctrl_xmc1_conf.o
 .debug_info    0x0000d996      0x219 ./Dave/Generated/CLOCK_XMC1/clock_xmc1.o
 .debug_info    0x0000dbaf      0x2a4 ./Dave/Generated/CLOCK_XMC1/clock_xmc1_conf.o
 .debug_info    0x0000de53     0x1e39 ./Dave/Generated/ADC_MEASUREMENT/adc_measurement.o
 .debug_info    0x0000fc8c     0x1bda ./Dave/Generated/ADC_MEASUREMENT/adc_measurement_conf.o
 .debug_info    0x00011866     0x2761 ./Dave/Generated/DAVE.o
 .debug_info    0x00013fc7     0x1ba3 ./main.o

.debug_abbrev   0x00000000     0x25fe
 *(.debug_abbrev)
 .debug_abbrev  0x00000000       0x12 ./Startup/startup_XMC1400.o
 .debug_abbrev  0x00000012      0x115 ./Startup/system_XMC1400.o
 .debug_abbrev  0x00000127       0xdf ./Libraries/XMCLib/src/xmc1_gpio.o
 .debug_abbrev  0x00000206      0x28b ./Libraries/XMCLib/src/xmc1_scu.o
 .debug_abbrev  0x00000491      0x1eb ./Libraries/XMCLib/src/xmc_ccu4.o
 .debug_abbrev  0x0000067c       0xdf ./Libraries/XMCLib/src/xmc_gpio.o
 .debug_abbrev  0x0000075b      0x26a ./Libraries/XMCLib/src/xmc_math.o
 .debug_abbrev  0x000009c5      0x25e ./Libraries/XMCLib/src/xmc_vadc.o
 .debug_abbrev  0x00000c23       0xbd ./Libraries/Newlib/syscalls.o
 .debug_abbrev  0x00000ce0      0x107 ./Drivers/MyoDataCollector.o
 .debug_abbrev  0x00000de7       0xfe ./Drivers/MyoHand.o
 .debug_abbrev  0x00000ee5      0x21a ./Dave/Generated/TIMER/timer.o
 .debug_abbrev  0x000010ff      0x149 ./Dave/Generated/TIMER/timer_conf.o
 .debug_abbrev  0x00001248      0x19f ./Dave/Generated/INTERRUPT/interrupt.o
 .debug_abbrev  0x000013e7       0xac ./Dave/Generated/INTERRUPT/interrupt_conf.o
 .debug_abbrev  0x00001493      0x15e ./Dave/Generated/GLOBAL_CCU4/global_ccu4.o
 .debug_abbrev  0x000015f1       0xdd ./Dave/Generated/GLOBAL_CCU4/global_ccu4_conf.o
 .debug_abbrev  0x000016ce      0x1d5 ./Dave/Generated/GLOBAL_ADC/global_adc.o
 .debug_abbrev  0x000018a3      0x163 ./Dave/Generated/GLOBAL_ADC/global_adc_conf.o
 .debug_abbrev  0x00001a06       0xfd ./Dave/Generated/DIGITAL_IO/digital_io.o
 .debug_abbrev  0x00001b03       0xb2 ./Dave/Generated/DIGITAL_IO/digital_io_conf.o
 .debug_abbrev  0x00001bb5       0xd8 ./Dave/Generated/CPU_CTRL_XMC1/cpu_ctrl_xmc1_conf.o
 .debug_abbrev  0x00001c8d       0xdd ./Dave/Generated/CLOCK_XMC1/clock_xmc1.o
 .debug_abbrev  0x00001d6a       0xfb ./Dave/Generated/CLOCK_XMC1/clock_xmc1_conf.o
 .debug_abbrev  0x00001e65      0x22c ./Dave/Generated/ADC_MEASUREMENT/adc_measurement.o
 .debug_abbrev  0x00002091      0x17b ./Dave/Generated/ADC_MEASUREMENT/adc_measurement_conf.o
 .debug_abbrev  0x0000220c      0x1a6 ./Dave/Generated/DAVE.o
 .debug_abbrev  0x000023b2      0x24c ./main.o

.debug_line     0x00000000     0x5474
 *(.debug_line)
 .debug_line    0x00000000       0xe2 ./Startup/startup_XMC1400.o
 .debug_line    0x000000e2      0x1fe ./Startup/system_XMC1400.o
 .debug_line    0x000002e0      0x1c2 ./Libraries/XMCLib/src/xmc1_gpio.o
 .debug_line    0x000004a2      0x5b7 ./Libraries/XMCLib/src/xmc1_scu.o
 .debug_line    0x00000a59      0x584 ./Libraries/XMCLib/src/xmc_ccu4.o
 .debug_line    0x00000fdd      0x1b5 ./Libraries/XMCLib/src/xmc_gpio.o
 .debug_line    0x00001192      0x537 ./Libraries/XMCLib/src/xmc_math.o
 .debug_line    0x000016c9      0xb98 ./Libraries/XMCLib/src/xmc_vadc.o
 .debug_line    0x00002261       0xdf ./Libraries/Newlib/syscalls.o
 .debug_line    0x00002340       0xc1 ./Drivers/MyoDataCollector.o
 .debug_line    0x00002401       0x9c ./Drivers/MyoHand.o
 .debug_line    0x0000249d      0x4ce ./Dave/Generated/TIMER/timer.o
 .debug_line    0x0000296b      0x276 ./Dave/Generated/TIMER/timer_conf.o
 .debug_line    0x00002be1      0x309 ./Dave/Generated/INTERRUPT/interrupt.o
 .debug_line    0x00002eea      0x20c ./Dave/Generated/INTERRUPT/interrupt_conf.o
 .debug_line    0x000030f6      0x2a1 ./Dave/Generated/GLOBAL_CCU4/global_ccu4.o
 .debug_line    0x00003397      0x220 ./Dave/Generated/GLOBAL_CCU4/global_ccu4_conf.o
 .debug_line    0x000035b7      0x2d9 ./Dave/Generated/GLOBAL_ADC/global_adc.o
 .debug_line    0x00003890      0x20f ./Dave/Generated/GLOBAL_ADC/global_adc_conf.o
 .debug_line    0x00003a9f      0x212 ./Dave/Generated/DIGITAL_IO/digital_io.o
 .debug_line    0x00003cb1      0x1a9 ./Dave/Generated/DIGITAL_IO/digital_io_conf.o
 .debug_line    0x00003e5a      0x1cf ./Dave/Generated/CPU_CTRL_XMC1/cpu_ctrl_xmc1_conf.o
 .debug_line    0x00004029      0x240 ./Dave/Generated/CLOCK_XMC1/clock_xmc1.o
 .debug_line    0x00004269      0x217 ./Dave/Generated/CLOCK_XMC1/clock_xmc1_conf.o
 .debug_line    0x00004480      0x44d ./Dave/Generated/ADC_MEASUREMENT/adc_measurement.o
 .debug_line    0x000048cd      0x283 ./Dave/Generated/ADC_MEASUREMENT/adc_measurement_conf.o
 .debug_line    0x00004b50      0x3f4 ./Dave/Generated/DAVE.o
 .debug_line    0x00004f44      0x530 ./main.o

.debug_frame    0x00000000     0x2344
 *(.debug_frame)
 .debug_frame   0x00000000       0x9c ./Startup/system_XMC1400.o
 .debug_frame   0x0000009c       0x58 ./Libraries/XMCLib/src/xmc1_gpio.o
 .debug_frame   0x000000f4      0x4dc ./Libraries/XMCLib/src/xmc1_scu.o
 .debug_frame   0x000005d0      0x458 ./Libraries/XMCLib/src/xmc_ccu4.o
 .debug_frame   0x00000a28       0x54 ./Libraries/XMCLib/src/xmc_gpio.o
 .debug_frame   0x00000a7c      0x380 ./Libraries/XMCLib/src/xmc_math.o
 .debug_frame   0x00000dfc      0xb14 ./Libraries/XMCLib/src/xmc_vadc.o
 .debug_frame   0x00001910       0x4c ./Libraries/Newlib/syscalls.o
 .debug_frame   0x0000195c       0x78 ./Drivers/MyoDataCollector.o
 .debug_frame   0x000019d4       0x78 ./Drivers/MyoHand.o
 .debug_frame   0x00001a4c      0x330 ./Dave/Generated/TIMER/timer.o
 .debug_frame   0x00001d7c       0xb8 ./Dave/Generated/INTERRUPT/interrupt.o
 .debug_frame   0x00001e34       0x70 ./Dave/Generated/GLOBAL_CCU4/global_ccu4.o
 .debug_frame   0x00001ea4       0xb0 ./Dave/Generated/GLOBAL_ADC/global_adc.o
 .debug_frame   0x00001f54       0x50 ./Dave/Generated/DIGITAL_IO/digital_io.o
 .debug_frame   0x00001fa4       0x2c ./Dave/Generated/CPU_CTRL_XMC1/cpu_ctrl_xmc1_conf.o
 .debug_frame   0x00001fd0       0x70 ./Dave/Generated/CLOCK_XMC1/clock_xmc1.o
 .debug_frame   0x00002040       0x34 ./Dave/Generated/CLOCK_XMC1/clock_xmc1_conf.o
 .debug_frame   0x00002074      0x1a0 ./Dave/Generated/ADC_MEASUREMENT/adc_measurement.o
 .debug_frame   0x00002214       0x34 ./Dave/Generated/DAVE.o
 .debug_frame   0x00002248       0xd0 ./main.o
 .debug_frame   0x00002318       0x2c n:/eecs 473/dave_4-4-2_64bit_2018-02-23/dave-ide-4.4.2-64bit/eclipse/arm-gcc-49/bin/../lib/gcc/arm-none-eabi/4.9.3/../../../../arm-none-eabi/lib/armv6-m\libg_nano.a(lib_a-init.o)

.debug_str      0x00000000     0x8ba5
 *(.debug_str)
 .debug_str     0x00000000      0x29d ./Startup/system_XMC1400.o
                                0x2ee (size before relaxing)
 .debug_str     0x0000029d      0x696 ./Libraries/XMCLib/src/xmc1_gpio.o
                                0x866 (size before relaxing)
 .debug_str     0x00000933     0x1f73 ./Libraries/XMCLib/src/xmc1_scu.o
                               0x2252 (size before relaxing)
 .debug_str     0x000028a6     0x14df ./Libraries/XMCLib/src/xmc_ccu4.o
                               0x191d (size before relaxing)
 .debug_str     0x00003d85       0xca ./Libraries/XMCLib/src/xmc_gpio.o
                                0x7b4 (size before relaxing)
 .debug_str     0x00003e4f      0x6fa ./Libraries/XMCLib/src/xmc_math.o
                                0x90a (size before relaxing)
 .debug_str     0x00004549     0x289c ./Libraries/XMCLib/src/xmc_vadc.o
                               0x2da3 (size before relaxing)
 .debug_str     0x00006de5       0x6f ./Libraries/Newlib/syscalls.o
                                0x1e5 (size before relaxing)
 .debug_str     0x00006e54       0xc9 ./Drivers/MyoDataCollector.o
                                0x24e (size before relaxing)
 .debug_str     0x00006f1d       0x7a ./Drivers/MyoHand.o
                                0x24c (size before relaxing)
 .debug_str     0x00006f97      0x53b ./Dave/Generated/TIMER/timer.o
                                0xba3 (size before relaxing)
 .debug_str     0x000074d2      0x29a ./Dave/Generated/TIMER/timer_conf.o
                                0xae8 (size before relaxing)
 .debug_str     0x0000776c      0x2f2 ./Dave/Generated/INTERRUPT/interrupt.o
                               0x16d6 (size before relaxing)
 .debug_str     0x00007a5e       0x3f ./Dave/Generated/INTERRUPT/interrupt_conf.o
                               0x1565 (size before relaxing)
 .debug_str     0x00007a9d       0xb5 ./Dave/Generated/GLOBAL_CCU4/global_ccu4.o
                                0x4dc (size before relaxing)
 .debug_str     0x00007b52       0x31 ./Dave/Generated/GLOBAL_CCU4/global_ccu4_conf.o
                                0x3f0 (size before relaxing)
 .debug_str     0x00007b83      0x2f4 ./Dave/Generated/GLOBAL_ADC/global_adc.o
                                0xd3e (size before relaxing)
 .debug_str     0x00007e77      0x1d9 ./Dave/Generated/GLOBAL_ADC/global_adc_conf.o
                                0xc72 (size before relaxing)
 .debug_str     0x00008050       0xdf ./Dave/Generated/DIGITAL_IO/digital_io.o
                                0x9a0 (size before relaxing)
 .debug_str     0x0000812f       0x36 ./Dave/Generated/DIGITAL_IO/digital_io_conf.o
                                0x8e8 (size before relaxing)
 .debug_str     0x00008165       0x63 ./Dave/Generated/CPU_CTRL_XMC1/cpu_ctrl_xmc1_conf.o
                                0x2a1 (size before relaxing)
 .debug_str     0x000081c8      0x144 ./Dave/Generated/CLOCK_XMC1/clock_xmc1.o
                                0x345 (size before relaxing)
 .debug_str     0x0000830c       0x50 ./Dave/Generated/CLOCK_XMC1/clock_xmc1_conf.o
                                0x57d (size before relaxing)
 .debug_str     0x0000835c      0x3d2 ./Dave/Generated/ADC_MEASUREMENT/adc_measurement.o
                               0x15a6 (size before relaxing)
 .debug_str     0x0000872e      0x3ad ./Dave/Generated/ADC_MEASUREMENT/adc_measurement_conf.o
                               0x1af0 (size before relaxing)
 .debug_str     0x00008adb       0x65 ./Dave/Generated/DAVE.o
                               0x313f (size before relaxing)
 .debug_str     0x00008b40       0x65 ./main.o
                               0x28bd (size before relaxing)

.debug_loc      0x00000000     0x3978
 *(.debug_loc)
 .debug_loc     0x00000000       0xdc ./Startup/system_XMC1400.o
 .debug_loc     0x000000dc       0x70 ./Libraries/XMCLib/src/xmc1_gpio.o
 .debug_loc     0x0000014c      0x7ce ./Libraries/XMCLib/src/xmc1_scu.o
 .debug_loc     0x0000091a      0x770 ./Libraries/XMCLib/src/xmc_ccu4.o
 .debug_loc     0x0000108a       0x70 ./Libraries/XMCLib/src/xmc_gpio.o
 .debug_loc     0x000010fa      0x5ec ./Libraries/XMCLib/src/xmc_math.o
 .debug_loc     0x000016e6     0x1328 ./Libraries/XMCLib/src/xmc_vadc.o
 .debug_loc     0x00002a0e       0x64 ./Libraries/Newlib/syscalls.o
 .debug_loc     0x00002a72       0xaa ./Drivers/MyoDataCollector.o
 .debug_loc     0x00002b1c       0xaa ./Drivers/MyoHand.o
 .debug_loc     0x00002bc6      0x542 ./Dave/Generated/TIMER/timer.o
 .debug_loc     0x00003108      0x118 ./Dave/Generated/INTERRUPT/interrupt.o
 .debug_loc     0x00003220       0xa8 ./Dave/Generated/GLOBAL_CCU4/global_ccu4.o
 .debug_loc     0x000032c8      0x118 ./Dave/Generated/GLOBAL_ADC/global_adc.o
 .debug_loc     0x000033e0       0x70 ./Dave/Generated/DIGITAL_IO/digital_io.o
 .debug_loc     0x00003450       0x2c ./Dave/Generated/CPU_CTRL_XMC1/cpu_ctrl_xmc1_conf.o
 .debug_loc     0x0000347c       0xa8 ./Dave/Generated/CLOCK_XMC1/clock_xmc1.o
 .debug_loc     0x00003524       0x38 ./Dave/Generated/CLOCK_XMC1/clock_xmc1_conf.o
 .debug_loc     0x0000355c      0x2a0 ./Dave/Generated/ADC_MEASUREMENT/adc_measurement.o
 .debug_loc     0x000037fc       0x38 ./Dave/Generated/DAVE.o
 .debug_loc     0x00003834      0x144 ./main.o

.debug_macinfo
 *(.debug_macinfo)

.debug_ranges   0x00000000      0x920
 *(.debug_ranges)
 .debug_ranges  0x00000000       0x20 ./Startup/startup_XMC1400.o
 .debug_ranges  0x00000020       0x30 ./Startup/system_XMC1400.o
 .debug_ranges  0x00000050       0x18 ./Libraries/XMCLib/src/xmc1_gpio.o
 .debug_ranges  0x00000068      0x138 ./Libraries/XMCLib/src/xmc1_scu.o
 .debug_ranges  0x000001a0      0x118 ./Libraries/XMCLib/src/xmc_ccu4.o
 .debug_ranges  0x000002b8       0x18 ./Libraries/XMCLib/src/xmc_gpio.o
 .debug_ranges  0x000002d0       0xe0 ./Libraries/XMCLib/src/xmc_math.o
 .debug_ranges  0x000003b0      0x2c8 ./Libraries/XMCLib/src/xmc_vadc.o
 .debug_ranges  0x00000678       0x18 ./Libraries/Newlib/syscalls.o
 .debug_ranges  0x00000690       0x20 ./Drivers/MyoDataCollector.o
 .debug_ranges  0x000006b0       0x20 ./Drivers/MyoHand.o
 .debug_ranges  0x000006d0       0xc8 ./Dave/Generated/TIMER/timer.o
 .debug_ranges  0x00000798       0x30 ./Dave/Generated/INTERRUPT/interrupt.o
 .debug_ranges  0x000007c8       0x20 ./Dave/Generated/GLOBAL_CCU4/global_ccu4.o
 .debug_ranges  0x000007e8       0x30 ./Dave/Generated/GLOBAL_ADC/global_adc.o
 .debug_ranges  0x00000818       0x18 ./Dave/Generated/DIGITAL_IO/digital_io.o
 .debug_ranges  0x00000830       0x10 ./Dave/Generated/CPU_CTRL_XMC1/cpu_ctrl_xmc1_conf.o
 .debug_ranges  0x00000840       0x20 ./Dave/Generated/CLOCK_XMC1/clock_xmc1.o
 .debug_ranges  0x00000860       0x10 ./Dave/Generated/CLOCK_XMC1/clock_xmc1_conf.o
 .debug_ranges  0x00000870       0x68 ./Dave/Generated/ADC_MEASUREMENT/adc_measurement.o
 .debug_ranges  0x000008d8       0x10 ./Dave/Generated/DAVE.o
 .debug_ranges  0x000008e8       0x38 ./main.o

.debug_weaknames
 *(.debug_weaknames)

.debug_funcnames
 *(.debug_funcnames)

.debug_typenames
 *(.debug_typenames)

.debug_varnames
 *(.debug_varnames)

.build_attributes
                0x00000000      0x578
 *(.ARM.attributes)
 .ARM.attributes
                0x00000000       0x21 ./Startup/startup_XMC1400.o
 .ARM.attributes
                0x00000021       0x31 ./Startup/system_XMC1400.o
 .ARM.attributes
                0x00000052       0x31 ./Libraries/XMCLib/src/xmc1_gpio.o
 .ARM.attributes
                0x00000083       0x31 ./Libraries/XMCLib/src/xmc1_scu.o
 .ARM.attributes
                0x000000b4       0x31 ./Libraries/XMCLib/src/xmc_ccu4.o
 .ARM.attributes
                0x000000e5       0x31 ./Libraries/XMCLib/src/xmc_gpio.o
 .ARM.attributes
                0x00000116       0x31 ./Libraries/XMCLib/src/xmc_math.o
 .ARM.attributes
                0x00000147       0x31 ./Libraries/XMCLib/src/xmc_vadc.o
 .ARM.attributes
                0x00000178       0x31 ./Libraries/Newlib/syscalls.o
 .ARM.attributes
                0x000001a9       0x31 ./Drivers/MyoDataCollector.o
 .ARM.attributes
                0x000001da       0x31 ./Drivers/MyoHand.o
 .ARM.attributes
                0x0000020b       0x31 ./Dave/Generated/TIMER/timer.o
 .ARM.attributes
                0x0000023c       0x31 ./Dave/Generated/TIMER/timer_conf.o
 .ARM.attributes
                0x0000026d       0x31 ./Dave/Generated/INTERRUPT/interrupt.o
 .ARM.attributes
                0x0000029e       0x31 ./Dave/Generated/INTERRUPT/interrupt_conf.o
 .ARM.attributes
                0x000002cf       0x31 ./Dave/Generated/GLOBAL_CCU4/global_ccu4.o
 .ARM.attributes
                0x00000300       0x31 ./Dave/Generated/GLOBAL_CCU4/global_ccu4_conf.o
 .ARM.attributes
                0x00000331       0x31 ./Dave/Generated/GLOBAL_ADC/global_adc.o
 .ARM.attributes
                0x00000362       0x31 ./Dave/Generated/GLOBAL_ADC/global_adc_conf.o
 .ARM.attributes
                0x00000393       0x31 ./Dave/Generated/DIGITAL_IO/digital_io.o
 .ARM.attributes
                0x000003c4       0x31 ./Dave/Generated/DIGITAL_IO/digital_io_conf.o
 .ARM.attributes
                0x000003f5       0x31 ./Dave/Generated/CPU_CTRL_XMC1/cpu_ctrl_xmc1_conf.o
 .ARM.attributes
                0x00000426       0x31 ./Dave/Generated/CLOCK_XMC1/clock_xmc1.o
 .ARM.attributes
                0x00000457       0x31 ./Dave/Generated/CLOCK_XMC1/clock_xmc1_conf.o
 .ARM.attributes
                0x00000488       0x31 ./Dave/Generated/ADC_MEASUREMENT/adc_measurement.o
 .ARM.attributes
                0x000004b9       0x31 ./Dave/Generated/ADC_MEASUREMENT/adc_measurement_conf.o
 .ARM.attributes
                0x000004ea       0x31 ./Dave/Generated/DAVE.o
 .ARM.attributes
                0x0000051b       0x31 ./main.o
 .ARM.attributes
                0x0000054c       0x2c n:/eecs 473/dave_4-4-2_64bit_2018-02-23/dave-ide-4.4.2-64bit/eclipse/arm-gcc-49/bin/../lib/gcc/arm-none-eabi/4.9.3/../../../../arm-none-eabi/lib/armv6-m\libg_nano.a(lib_a-init.o)
OUTPUT(myoelectric.elf elf32-littlearm)
